// Jest Snapshot v1, https://goo.gl/fbAQLP

exports[`<HeadLogger /> should render header logged correctly 1`] = `
<div class="flex justify-center w-full h-28 bg-brand-main">
  <div class="flex items-center justify-between w-4/5 max-w-6xl py-10">
    <div class="w-28 lg:w-36"><img class="w-full" src="" alt="logo"></div>
    <div class="flex">
      <ul class="flex list-none">
        <li class="px-6 py-2 mr-2 font-bold text-white rounded-full cursor-pointer focus:outline-none"> Credenciais </li>
        <li class="px-6 py-2 mr-2 font-bold text-white rounded-full cursor-pointer focus:outline-none"> FeedBacks </li>
        <li id="logout-button" class="px-6 py-2 font-bold bg-white rounded-full cursor-pointer text-brand-main focus:outline-none">...</li>
      </ul>
    </div>
  </div>
</div>
`;
